// Jest Snapshot v1, https://goo.gl/fbAQLP

exports[`ActivityItem Snapshot 1`] = `
<View
  accessibilityLabel="activity-item"
  accessibilityState={
    {
      "busy": undefined,
      "checked": undefined,
      "disabled": undefined,
      "expanded": undefined,
      "selected": undefined,
    }
  }
  accessibilityValue={
    {
      "max": undefined,
      "min": undefined,
      "now": undefined,
      "text": undefined,
    }
  }
  accessible={true}
  className="flex w-full flex-row gap-2 rounded-lg p-2 pr-3 "
  collapsable={false}
  focusable={true}
  onBlur={[Function]}
  onClick={[Function]}
  onFocus={[Function]}
  onResponderGrant={[Function]}
  onResponderMove={[Function]}
  onResponderRelease={[Function]}
  onResponderTerminate={[Function]}
  onResponderTerminationRequest={[Function]}
  onStartShouldSetResponder={[Function]}
>
  <View
    className="flex-1"
  >
    <Text
      className="line-clamp-1 text-lg font-medium text-f1-foreground"
    >
      Activity Title
    </Text>
    <Text
      className="line-clamp-2 text-lg text-f1-foreground-secondary"
    />
    <View
      className="mt-1.5 flex flex-row"
    >
      <Text
        className="text-md text-f1-foreground-secondary"
      >
        Time off Â· Today
      </Text>
    </View>
  </View>
  <View
    className="ml-1"
  />
</View>
`;
