// Jest Snapshot v1, https://goo.gl/fbAQLP

exports[`TeamAvatar Snapshot 1`] = `
<View
  className="flex inline-flex "
>
  <View
    className="h-fit w-fit"
  >
    <View
      aria-hidden={true}
      className="flex shrink-0 items-center justify-center overflow-hidden text-center font-semibold w-8 h-8 rounded bg-[hsl(theme(colors.smoke.50))]"
      data-a11y-color-contrast-ignore={true}
      role="img"
    >
      <Text
        className="text-f1-foreground-inverse/90 text-md"
        data-a11y-color-contrast-ignore={true}
      >
        FA
      </Text>
    </View>
  </View>
</View>
`;
